// Jest Snapshot v1, https://goo.gl/fbAQLP

exports[`<Cart/> renders and matches snappy 1`] = `
<header>
  <CloseButton
    onClick={[Function]}
    title="close"
  >
    <button
      className="CloseButton-sc-1seb878-0 hDxviV"
      onClick={[Function]}
      title="close"
    >
      Ã—
    </button>
  </CloseButton>
  <Supreme>
    <h2
      className="Supreme-xv30qb-0 kCRMR"
    >
      Miss Coleman Berge
      's Cart
    </h2>
  </Supreme>
  <p
    className="blockquote"
  >
    You Have 
    1
     Item
     in your cart.
  </p>
  <hr />
</header>
`;
