// Jest Snapshot v1, https://goo.gl/fbAQLP

exports[`<Pagination/> renders pagination for 18 items 1`] = `
<div
  className="PaginationStyles-aduuar-0 kYFMi"
  data-test="pagination"
>
  <SideEffect(Head)>
    <Head />
  </SideEffect(Head)>
  <Link
    href={
      Object {
        "pathname": "items",
        "query": Object {
          "page": 0,
        },
      }
    }
    prefetch={true}
  >
    <a
      aria-disabled={true}
      className="prev"
      href="items?page=0"
      onClick={[Function]}
    >
      PREV
    </a>
  </Link>
  <p>
    PAGE 
    1
     OF 
    <span
      className="totalPages"
    >
      5
    </span>
  </p>
  <p>
    18
     ITEMS TOTAL
  </p>
  <Link
    href={
      Object {
        "pathname": "items",
        "query": Object {
          "page": 2,
        },
      }
    }
    prefetch={true}
  >
    <a
      aria-disabled={false}
      className="next"
      href="items?page=2"
      onClick={[Function]}
    >
      NEXT
    </a>
  </Link>
</div>
`;
