// Jest Snapshot v1, https://goo.gl/fbAQLP

exports[`<SingleItem/> Errors with a not found item 1`] = `
<p
  data-test="graphql-error"
>
  <strong>
    Shoot!
  </strong>
  Items Not Found!
</p>
`;

exports[`<SingleItem/> renders with proper data 1`] = `
Array [
  <h2
    className="item_title"
  >
    dogs are best
  </h2>,
  <h2>
    $50
  </h2>,
]
`;

exports[`<SingleItem/> renders with proper data 2`] = `
<img
  alt="dogs are best"
  src="dog.jpg"
/>
`;

exports[`<SingleItem/> renders with proper data 3`] = `
Array [
  <p
    className="description_title"
  >
    Details:
  </p>,
  <p
    className="description"
  >
    dogs
  </p>,
]
`;
